Loading required package: usethis
ℹ Testing rajiveplus

Attaching package: ‘testthat’

The following object is masked from ‘package:devtools’:

    test_file

Warning message:
package ‘testthat’ was built under R version 4.5.2 

> setwd('/exports/para-lipg-hpc/mdmanurung/RaJIVEutils'); library(devtools); test(filter='rajive-perm')
✔ | F W  S  OK | Context

⠏ |          0 | rajive-perm                                                    
⠋ |          1 | rajive-perm                                                    
⠼ |          5 | rajive-perm                                                    
⠇ |          9 | rajive-perm                                                    
⠏ |         10 | rajive-perm                                                    
⠙ |         12 | rajive-perm                                                    
⠹ |         13 | rajive-perm                                                    
⠦ | 1       16 | rajive-perm                                                    
⠧ | 1       17 | rajive-perm                                                    
⠇ | 1       18 | rajive-perm                                                    
✖ | 1       22 | rajive-perm [30.8s]
────────────────────────────────────────────────────────────────────────────────
Failure ('test-rajive-perm.R:132:3'): perm-only path recovers known joint rank on strong-signal sim
Expected `res$joint_rank` to equal 2L.
Differences:
1/1 mismatches
[1] 1 - 2 == -1
────────────────────────────────────────────────────────────────────────────────

══ Results ═════════════════════════════════════════════════════════════════════
Duration: 30.9 s

── Failed tests ────────────────────────────────────────────────────────────────
Failure ('test-rajive-perm.R:132:3'): perm-only path recovers known joint rank on strong-signal sim
Expected `res$joint_rank` to equal 2L.
Differences:
1/1 mismatches
[1] 1 - 2 == -1

[ FAIL 1 | WARN 0 | SKIP 0 | PASS 22 ]
> 

